Archive member included to satisfy reference by file (symbol)

C:\Users\X\Documents\GitHub\winmat\ATMEL\RFID_RF\rfid\ArduinoCore\Debug\libArduinoCore.a(HardwareSerial.o)
                              Sketch.o (_ZN14HardwareSerial5beginEmh)
C:\Users\X\Documents\GitHub\winmat\ATMEL\RFID_RF\rfid\ArduinoCore\Debug\libArduinoCore.a(HardwareSerial0.o)
                              Sketch.o (Serial)
C:\Users\X\Documents\GitHub\winmat\ATMEL\RFID_RF\rfid\ArduinoCore\Debug\libArduinoCore.a(main.o)
                              C:/Program Files (x86)/Atmel/Studio/7.0/Packs/atmel/ATmega_DFP/1.2.150/gcc/dev/atmega328p/avr5/crtatmega328p.o (main)
C:\Users\X\Documents\GitHub\winmat\ATMEL\RFID_RF\rfid\ArduinoCore\Debug\libArduinoCore.a(Print.o)
                              C:\Users\X\Documents\GitHub\winmat\ATMEL\RFID_RF\rfid\ArduinoCore\Debug\libArduinoCore.a(HardwareSerial.o) (_ZN5Print5writeEPKhj)
C:\Users\X\Documents\GitHub\winmat\ATMEL\RFID_RF\rfid\ArduinoCore\Debug\libArduinoCore.a(wiring.o)
                              Sketch.o (micros)
C:\Users\X\Documents\GitHub\winmat\ATMEL\RFID_RF\rfid\ArduinoCore\Debug\libArduinoCore.a(wiring_digital.o)
                              Sketch.o (pinMode)
C:\Users\X\Documents\GitHub\winmat\ATMEL\RFID_RF\rfid\ArduinoCore\Debug\libArduinoCore.a(RF24.o)
                              Sketch.o (_ZN4RF24C1Ejj)
C:\Users\X\Documents\GitHub\winmat\ATMEL\RFID_RF\rfid\ArduinoCore\Debug\libArduinoCore.a(MFRC522.o)
                              Sketch.o (_ZN7MFRC52219PICC_ReadCardSerialEv)
C:\Users\X\Documents\GitHub\winmat\ATMEL\RFID_RF\rfid\ArduinoCore\Debug\libArduinoCore.a(MFRC522Debug.o)
                              C:\Users\X\Documents\GitHub\winmat\ATMEL\RFID_RF\rfid\ArduinoCore\Debug\libArduinoCore.a(MFRC522.o) (_ZN12MFRC522Debug16PICC_GetTypeNameEN7MFRC5229PICC_TypeE)
C:\Users\X\Documents\GitHub\winmat\ATMEL\RFID_RF\rfid\ArduinoCore\Debug\libArduinoCore.a(SPI.o)
                              Sketch.o (_ZN8SPIClass5beginEv)
C:\Users\X\Documents\GitHub\winmat\ATMEL\RFID_RF\rfid\ArduinoCore\Debug\libArduinoCore.a(abi.o)
                              C:\Users\X\Documents\GitHub\winmat\ATMEL\RFID_RF\rfid\ArduinoCore\Debug\libArduinoCore.a(Print.o) (__cxa_pure_virtual)
C:\Users\X\Documents\GitHub\winmat\ATMEL\RFID_RF\rfid\ArduinoCore\Debug\libArduinoCore.a(hooks.o)
                              C:\Users\X\Documents\GitHub\winmat\ATMEL\RFID_RF\rfid\ArduinoCore\Debug\libArduinoCore.a(wiring.o) (yield)
c:/program files (x86)/atmel/studio/7.0/toolchain/avr8/avr8-gnu-toolchain/bin/../lib/gcc/avr/5.4.0/../../../../avr/lib/avr5\libm.a(addsf3.o)
                              C:\Users\X\Documents\GitHub\winmat\ATMEL\RFID_RF\rfid\ArduinoCore\Debug\libArduinoCore.a(Print.o) (__subsf3)
c:/program files (x86)/atmel/studio/7.0/toolchain/avr8/avr8-gnu-toolchain/bin/../lib/gcc/avr/5.4.0/../../../../avr/lib/avr5\libm.a(addsf3x.o)
                              c:/program files (x86)/atmel/studio/7.0/toolchain/avr8/avr8-gnu-toolchain/bin/../lib/gcc/avr/5.4.0/../../../../avr/lib/avr5\libm.a(addsf3.o) (__addsf3x)
c:/program files (x86)/atmel/studio/7.0/toolchain/avr8/avr8-gnu-toolchain/bin/../lib/gcc/avr/5.4.0/../../../../avr/lib/avr5\libm.a(cmpsf2.o)
                              C:\Users\X\Documents\GitHub\winmat\ATMEL\RFID_RF\rfid\ArduinoCore\Debug\libArduinoCore.a(Print.o) (__ltsf2)
c:/program files (x86)/atmel/studio/7.0/toolchain/avr8/avr8-gnu-toolchain/bin/../lib/gcc/avr/5.4.0/../../../../avr/lib/avr5\libm.a(divsf3.o)
                              C:\Users\X\Documents\GitHub\winmat\ATMEL\RFID_RF\rfid\ArduinoCore\Debug\libArduinoCore.a(Print.o) (__divsf3)
c:/program files (x86)/atmel/studio/7.0/toolchain/avr8/avr8-gnu-toolchain/bin/../lib/gcc/avr/5.4.0/../../../../avr/lib/avr5\libm.a(divsf3x.o)
                              c:/program files (x86)/atmel/studio/7.0/toolchain/avr8/avr8-gnu-toolchain/bin/../lib/gcc/avr/5.4.0/../../../../avr/lib/avr5\libm.a(divsf3.o) (__divsf3x)
c:/program files (x86)/atmel/studio/7.0/toolchain/avr8/avr8-gnu-toolchain/bin/../lib/gcc/avr/5.4.0/../../../../avr/lib/avr5\libm.a(fixunssfsi.o)
                              C:\Users\X\Documents\GitHub\winmat\ATMEL\RFID_RF\rfid\ArduinoCore\Debug\libArduinoCore.a(Print.o) (__fixunssfsi)
c:/program files (x86)/atmel/studio/7.0/toolchain/avr8/avr8-gnu-toolchain/bin/../lib/gcc/avr/5.4.0/../../../../avr/lib/avr5\libm.a(floatsisf.o)
                              C:\Users\X\Documents\GitHub\winmat\ATMEL\RFID_RF\rfid\ArduinoCore\Debug\libArduinoCore.a(Print.o) (__floatunsisf)
c:/program files (x86)/atmel/studio/7.0/toolchain/avr8/avr8-gnu-toolchain/bin/../lib/gcc/avr/5.4.0/../../../../avr/lib/avr5\libm.a(fp_cmp.o)
                              c:/program files (x86)/atmel/studio/7.0/toolchain/avr8/avr8-gnu-toolchain/bin/../lib/gcc/avr/5.4.0/../../../../avr/lib/avr5\libm.a(cmpsf2.o) (__fp_cmp)
c:/program files (x86)/atmel/studio/7.0/toolchain/avr8/avr8-gnu-toolchain/bin/../lib/gcc/avr/5.4.0/../../../../avr/lib/avr5\libm.a(fp_inf.o)
[...]
Memory Configuration

Name             Origin             Length             Attributes
text             0x00000000         0x00020000         xr
data             0x00800060         0x0000ffa0         rw !x
eeprom           0x00810000         0x00010000         rw !x
fuse             0x00820000         0x00000003         rw !x
lock             0x00830000         0x00000400         rw !x
signature        0x00840000         0x00000400         rw !x
user_signatures  0x00850000         0x00000400         rw !x
*default*        0x00000000         0xffffffff

Linker script and memory map

Address of section .data set to 0x800100
LOAD C:/Program Files (x86)/Atmel/Studio/7.0/Packs/atmel/ATmega_DFP/1.2.150/gcc/dev/atmega328p/avr5/crtatmega328p.o
LOAD Sketch.o
START GROUP
LOAD c:/program files (x86)/atmel/studio/7.0/toolchain/avr8/avr8-gnu-toolchain/bin/../lib/gcc/avr/5.4.0/../../../../avr/lib/avr5\libm.a
LOAD C:\Users\X\Documents\GitHub\winmat\ATMEL\RFID_RF\rfid\ArduinoCore\Debug\libArduinoCore.a
END GROUP
LOAD c:/program files (x86)/atmel/studio/7.0/toolchain/avr8/avr8-gnu-toolchain/bin/../lib/gcc/avr/5.4.0/avr5\libgcc.a
LOAD c:/program files (x86)/atmel/studio/7.0/toolchain/avr8/avr8-gnu-toolchain/bin/../lib/gcc/avr/5.4.0/../../../../avr/lib/avr5\libm.a
START GROUP
LOAD c:/program files (x86)/atmel/studio/7.0/toolchain/avr8/avr8-gnu-toolchain/bin/../lib/gcc/avr/5.4.0/avr5\libgcc.a
LOAD c:/program files (x86)/atmel/studio/7.0/toolchain/avr8/avr8-gnu-toolchain/bin/../lib/gcc/avr/5.4.0/../../../../avr/lib/avr5\libm.a
LOAD c:/program files (x86)/atmel/studio/7.0/toolchain/avr8/avr8-gnu-toolchain/bin/../lib/gcc/avr/5.4.0/../../../../avr/lib/avr5\libc.a
LOAD C:/Program Files (x86)/Atmel/Studio/7.0/Packs/atmel/ATmega_DFP/1.2.150/gcc/dev/atmega328p/avr5\libatmega328p.a
END GROUP
                0x00020000                __TEXT_REGION_LENGTH__ = DEFINED (__TEXT_REGION_LENGTH__)?__TEXT_REGION_LENGTH__:0x20000
                0x0000ffa0                __DATA_REGION_LENGTH__ = DEFINED (__DATA_REGION_LENGTH__)?__DATA_REGION_LENGTH__:0xffa0
                0x00010000                __EEPROM_REGION_LENGTH__ = DEFINED (__EEPROM_REGION_LENGTH__)?__EEPROM_REGION_LENGTH__:0x10000
                [0x00000003]                __FUSE_REGION_LENGTH__ = DEFINED (__FUSE_REGION_LENGTH__)?__FUSE_REGION_LENGTH__:0x400
                0x00000400                __LOCK_REGION_LENGTH__ = DEFINED (__LOCK_REGION_LENGTH__)?__LOCK_REGION_LENGTH__:0x400
                0x00000400                __SIGNATURE_REGION_LENGTH__ = DEFINED (__SIGNATURE_REGION_LENGTH__)?__SIGNATURE_REGION_LENGTH__:0x400
                0x00000400                __USER_SIGNATURE_REGION_LENGTH__ = DEFINED (__USER_SIGNATURE_REGION_LENGTH__)?__USER_SIGNATURE_REGION_LENGTH__:0x400

.hash
 *(.hash)

.dynsym
 *(.dynsym)

.dynstr
 *(.dynstr)

.gnu.version
 *(.gnu.version)

.gnu.version_d
 *(.gnu.version_d)

.gnu.version_r
 *(.gnu.version_r)

.rel.init
 *(.rel.init)

.rela.init
 *(.rela.init)

.rel.text
 *(.rel.text)
 *(.rel.text.*)
 *(.rel.gnu.linkonce.t*)

.rela.text
 *(.rela.text)
 *(.rela.text.*)
 *(.rela.gnu.linkonce.t*)

.rel.fini
 *(.rel.fini)

.rela.fini
 *(.rela.fini)

.rel.rodata
 *(.rel.rodata)
 *(.rel.rodata.*)
 *(.rel.gnu.linkonce.r*)

.rela.rodata
 *(.rela.rodata)
 *(.rela.rodata.*)
 *(.rela.gnu.linkonce.r*)

.rel.data
 *(.rel.data)
 *(.rel.data.*)
 *(.rel.gnu.linkonce.d*)

.rela.data
 *(.rela.data)
 *(.rela.data.*)
 *(.rela.gnu.linkonce.d*)

.rel.ctors
 *(.rel.ctors)

.rela.ctors
 *(.rela.ctors)

.rel.dtors
 *(.rel.dtors)

.rela.dtors
 *(.rela.dtors)

.rel.got
 *(.rel.got)

.rela.got
 *(.rela.got)

.rel.bss
 *(.rel.bss)

.rela.bss
 *(.rela.bss)

.rel.plt
 *(.rel.plt)

.rela.plt
 *(.rela.plt)

.text           0x00000000     0x23d4
 *(.vectors)
 .vectors       0x00000000       0x68 C:/Program Files (x86)/Atmel/Studio/7.0/Packs/atmel/ATmega_DFP/1.2.150/gcc/dev/atmega328p/avr5/crtatmega328p.o
                0x00000000                __vector_default
                0x00000000                __vectors
 *(.vectors)
 *(.progmem.gcc*)
                0x00000068                . = ALIGN (0x2)
                0x00000068                __trampolines_start = .
 *(.trampolines)
 .trampolines   0x00000068        0x0 linker stubs
 *(.trampolines*)
                0x00000068                __trampolines_end = .
 *libprintf_flt.a:*(.progmem.data)
 *libc.a:*(.progmem.data)
 *(.progmem*)
 .progmem.data._ZZ10RF_RequestvE3__c
                0x00000068        0x8 Sketch.o
 .progmem.data._ZZ10read_blockvE3__c_0
                0x00000070       0x17 Sketch.o
 .progmem.data._ZZ10read_blockvE3__c
                0x00000087       0x1c Sketch.o
 .progmem.data.digital_pin_to_timer_PGM
                0x000000a3       0x14 C:\Users\X\Documents\GitHub\winmat\ATMEL\RFID_RF\rfid\ArduinoCore\Debug\libArduinoCore.a(wiring_digital.o)
                0x000000a3                digital_pin_to_timer_PGM
 .progmem.data.digital_pin_to_bit_mask_PGM
                0x000000b7       0x14 C:\Users\X\Documents\GitHub\winmat\ATMEL\RFID_RF\rfid\ArduinoCore\Debug\libArduinoCore.a(wiring_digital.o)
                0x000000b7                digital_pin_to_bit_mask_PGM
 .progmem.data.digital_pin_to_port_PGM
                0x000000cb       0x14 C:\Users\X\Documents\GitHub\winmat\ATMEL\RFID_RF\rfid\ArduinoCore\Debug\libArduinoCore.a(wiring_digital.o)
                0x000000cb                digital_pin_to_port_PGM
 .progmem.data.port_to_input_PGM
                0x000000df        0xa C:\Users\X\Documents\GitHub\winmat\ATMEL\RFID_RF\rfid\ArduinoCore\Debug\libArduinoCore.a(wiring_digital.o)
                0x000000df                port_to_input_PGM
 .progmem.data.port_to_output_PGM
                0x000000e9        0xa C:\Users\X\Documents\GitHub\winmat\ATMEL\RFID_RF\rfid\ArduinoCore\Debug\libArduinoCore.a(wiring_digital.o)
                0x000000e9                port_to_output_PGM
 .progmem.data.port_to_mode_PGM
                0x000000f3        0xa C:\Users\X\Documents\GitHub\winmat\ATMEL\RFID_RF\rfid\ArduinoCore\Debug\libArduinoCore.a(wiring_digital.o)
                0x000000f3                port_to_mode_PGM
 .progmem.data._ZL18child_payload_size
                0x000000fd        0x6 C:\Users\X\Documents\GitHub\winmat\ATMEL\RFID_RF\rfid\ArduinoCore\Debug\libArduinoCore.a(RF24.o)
 .progmem.data._ZL10child_pipe
                0x00000103        0x6 C:\Users\X\Documents\GitHub\winmat\ATMEL\RFID_RF\rfid\ArduinoCore\Debug\libArduinoCore.a(RF24.o)
 .progmem.data._ZL17child_pipe_enable
                0x00000109        0x6 C:\Users\X\Documents\GitHub\winmat\ATMEL\RFID_RF\rfid\ArduinoCore\Debug\libArduinoCore.a(RF24.o)
 .progmem.data._ZZN12MFRC522Debug17GetStatusCodeNameEN7MFRC52210StatusCodeEE3__c_8
                0x0000010f        0xe C:\Users\X\Documents\GitHub\winmat\ATMEL\RFID_RF\rfid\ArduinoCore\Debug\libArduinoCore.a(MFRC522Debug.o)
 .progmem.data._ZZN12MFRC522Debug17GetStatusCodeNameEN7MFRC52210StatusCodeEE3__c_7
                0x0000011d       0x22 C:\Users\X\Documents\GitHub\winmat\ATMEL\RFID_RF\rfid\ArduinoCore\Debug\libArduinoCore.a(MFRC522Debug.o)
 .progmem.data._ZZN12MFRC522Debug17GetStatusCodeNameEN7MFRC52210StatusCodeEE3__c_6
                0x0000013f       0x1a C:\Users\X\Documents\GitHub\winmat\ATMEL\RFID_RF\rfid\ArduinoCore\Debug\libArduinoCore.a(MFRC522Debug.o)
 .progmem.data._ZZN12MFRC522Debug17GetStatusCodeNameEN7MFRC52210StatusCodeEE3__c_5
                0x00000159       0x12 C:\Users\X\Documents\GitHub\winmat\ATMEL\RFID_RF\rfid\ArduinoCore\Debug\libArduinoCore.a(MFRC522Debug.o)
 .progmem.data._ZZN12MFRC522Debug17GetStatusCodeNameEN7MFRC52210StatusCodeEE3__c_4
                0x0000016b       0x2f C:\Users\X\Documents\GitHub\winmat\ATMEL\RFID_RF\rfid\ArduinoCore\Debug\libArduinoCore.a(MFRC522Debug.o)
 .progmem.data._ZZN12MFRC522Debug17GetStatusCodeNameEN7MFRC52210StatusCodeEE3__c_3
                0x0000019a       0x1c C:\Users\X\Documents\GitHub\winmat\ATMEL\RFID_RF\rfid\ArduinoCore\Debug\libArduinoCore.a(MFRC522Debug.o)
 .progmem.data._ZZN12MFRC522Debug17GetStatusCodeNameEN7MFRC52210StatusCodeEE3__c_2
                0x000001b6       0x1a C:\Users\X\Documents\GitHub\winmat\ATMEL\RFID_RF\rfid\ArduinoCore\Debug\libArduinoCore.a(MFRC522Debug.o)
 .progmem.data._ZZN12MFRC522Debug17GetStatusCodeNameEN7MFRC52210StatusCodeEE3__c_1
                0x000001d0       0x15 C:\Users\X\Documents\GitHub\winmat\ATMEL\RFID_RF\rfid\ArduinoCore\Debug\libArduinoCore.a(MFRC522Debug.o)
 .progmem.data._ZZN12MFRC522Debug17GetStatusCodeNameEN7MFRC52210StatusCodeEE3__c_0
                0x000001e5       0x18 C:\Users\X\Documents\GitHub\winmat\ATMEL\RFID_RF\rfid\ArduinoCore\Debug\libArduinoCore.a(MFRC522Debug.o)
 .progmem.data._ZZN12MFRC522Debug17GetStatusCodeNameEN7MFRC52210StatusCodeEE3__c
                0x000001fd        0x9 C:\Users\X\Documents\GitHub\winmat\ATMEL\RFID_RF\rfid\ArduinoCore\Debug\libArduinoCore.a(MFRC522Debug.o)
                0x00000206                . = ALIGN (0x2)
 *(.jumptables)
 *(.jumptables*)
 *(.lowtext)
 *(.lowtext*)
                0x00000206                __ctors_start = .
 *(.ctors)
 .ctors         0x00000206        0x2 Sketch.o
 .ctors         0x00000208        0x2 C:\Users\X\Documents\GitHub\winmat\ATMEL\RFID_RF\rfid\ArduinoCore\Debug\libArduinoCore.a(HardwareSerial0.o)
                0x0000020a                __ctors_end = .
                0x0000020a                __dtors_start = .
 *(.dtors)
                0x0000020a                __dtors_end = .
 SORT(*)(.ctors)
 SORT(*)(.dtors)
 *(.init0)
 .init0         0x0000020a        0x0 C:/Program Files (x86)/Atmel/Studio/7.0/Packs/atmel/ATmega_DFP/1.2.150/gcc/dev/atmega328p/avr5/crtatmega328p.o
                0x0000020a                __init
 *(.init0)
 *(.init1)
 *(.init1)
 *(.init2)
 .init2         0x0000020a        0xc C:/Program Files (x86)/Atmel/Studio/7.0/Packs/atmel/ATmega_DFP/1.2.150/gcc/dev/atmega328p/avr5/crtatmega328p.o
 *(.init2)
 *(.init3)
 *(.init3)
 *(.init4)
 .init4         0x00000216       0x16 c:/program files (x86)/atmel/studio/7.0/toolchain/avr8/avr8-gnu-toolchain/bin/../lib/gcc/avr/5.4.0/avr5\libgcc.a(_copy_data.o)
                0x00000216                __do_copy_data
 .init4         0x0000022c       0x10 c:/program files (x86)/atmel/studio/7.0/toolchain/avr8/avr8-gnu-toolchain/bin/../lib/gcc/avr/5.4.0/avr5\libgcc.a(_clear_bss.o)
                0x0000022c                __do_clear_bss
 *(.init4)
 *(.init5)
 *(.init5)
 *(.init6)
 .init6         0x0000023c       0x16 c:/program files (x86)/atmel/studio/7.0/toolchain/avr8/avr8-gnu-toolchain/bin/../lib/gcc/avr/5.4.0/avr5\libgcc.a(_ctors.o)
                0x0000023c                __do_global_ctors
 *(.init6)
 *(.init7)
 *(.init7)
 *(.init8)
 *(.init8)
 *(.init9)
 .init9         0x00000252        0x8 C:/Program Files (x86)/Atmel/Studio/7.0/Packs/atmel/ATmega_DFP/1.2.150/gcc/dev/atmega328p/avr5/crtatmega328p.o
 *(.init9)
 *(.text)
 .text          0x0000025a        0x4 C:/Program Files (x86)/Atmel/Studio/7.0/Packs/atmel/ATmega_DFP/1.2.150/gcc/dev/atmega328p/avr5/crtatmega328p.o
                0x0000025a                __vector_22
                0x0000025a                __vector_1
                0x0000025a                __vector_24
                0x0000025a                __vector_12
                0x0000025a                __bad_interrupt
                0x0000025a                __vector_6
                0x0000025a                __vector_3
                0x0000025a                __vector_23
                0x0000025a                __vector_25
                0x0000025a                __vector_11
                0x0000025a                __vector_13
                0x0000025a                __vector_17
                0x0000025a                __vector_7
                0x0000025a                __vector_5
                0x0000025a                __vector_4
                0x0000025a                __vector_9
                0x0000025a                __vector_2
                0x0000025a                __vector_21
                0x0000025a                __vector_15
                0x0000025a                __vector_8
                0x0000025a                __vector_14
                0x0000025a                __vector_10
                0x0000025a                __vector_20
                0x0000025e                . = ALIGN (0x2)
 *(.text.*)
 .text._Z9RFID_initv
                0x0000025e       0x26 Sketch.o
                0x0000025e                _Z9RFID_initv
 .text._Z5getIDv
                0x00000284       0x70 Sketch.o
                0x00000284                _Z5getIDv
 .text._Z10read_blockv
                0x000002f4       0x86 Sketch.o
                0x000002f4                _Z10read_blockv
 .text._Z10check_passPh
                0x0000037a       0x20 Sketch.o
                0x0000037a                _Z10check_passPh
 .text._Z10RFID_resetv
                0x0000039a       0x10 Sketch.o
                0x0000039a                _Z10RFID_resetv
 .text._Z9RF24_initv
                0x000003aa       0x34 Sketch.o
                0x000003aa                _Z9RF24_initv
 .text.setup    0x000003de       0x72 Sketch.o
                0x000003de                setup
 .text._Z10RF_Requestv
                0x00000450       0xa4 Sketch.o
                0x00000450                _Z10RF_Requestv
 .text._Z9Open_doorv
                0x000004f4       0x28 Sketch.o
                0x000004f4                _Z9Open_doorv
 .text.loop     0x0000051c       0x9e Sketch.o
                0x0000051c                loop
 .text.startup._GLOBAL__sub_I_storedCard
                0x000005ba       0x32 Sketch.o
 .text._ZN14HardwareSerial9availableEv
                0x000005ec       0x18 C:\Users\X\Documents\GitHub\winmat\ATMEL\RFID_RF\rfid\ArduinoCore\Debug\libArduinoCore.a(HardwareSerial.o)
                0x000005ec                _ZN14HardwareSerial9availableEv
 .text._ZN14HardwareSerial4peekEv
                0x00000604       0x1c C:\Users\X\Documents\GitHub\winmat\ATMEL\RFID_RF\rfid\ArduinoCore\Debug\libArduinoCore.a(HardwareSerial.o)
                0x00000604                _ZN14HardwareSerial4peekEv
 .text._ZN14HardwareSerial4readEv
                0x00000620       0x28 C:\Users\X\Documents\GitHub\winmat\ATMEL\RFID_RF\rfid\ArduinoCore\Debug\libArduinoCore.a(HardwareSerial.o)
                0x00000620                _ZN14HardwareSerial4readEv
 .text._ZN14HardwareSerial17availableForWriteEv
                0x00000648       0x1e C:\Users\X\Documents\GitHub\winmat\ATMEL\RFID_RF\rfid\ArduinoCore\Debug\libArduinoCore.a(HardwareSerial.o)
                0x00000648                _ZN14HardwareSerial17availableForWriteEv
 .text._Z14serialEventRunv
                0x00000666       0x1c C:\Users\X\Documents\GitHub\winmat\ATMEL\RFID_RF\rfid\ArduinoCore\Debug\libArduinoCore.a(HardwareSerial.o)
                0x00000666                _Z14serialEventRunv
 .text._ZN14HardwareSerial17_tx_udr_empty_irqEv
                0x00000682       0x42 C:\Users\X\Documents\GitHub\winmat\ATMEL\RFID_RF\rfid\ArduinoCore\Debug\libArduinoCore.a(HardwareSerial.o)
                0x00000682                _ZN14HardwareSerial17_tx_udr_empty_irqEv
 .text._ZN14HardwareSerial5writeEh
                0x000006c4       0x8e C:\Users\X\Documents\GitHub\winmat\ATMEL\RFID_RF\rfid\ArduinoCore\Debug\libArduinoCore.a(HardwareSerial.o)
                0x000006c4                _ZN14HardwareSerial5writeEh
 .text._ZN14HardwareSerial5flushEv
                0x00000752       0x44 C:\Users\X\Documents\GitHub\winmat\ATMEL\RFID_RF\rfid\ArduinoCore\Debug\libArduinoCore.a(HardwareSerial.o)
                0x00000752                _ZN14HardwareSerial5flushEv
 .text._ZN14HardwareSerial5beginEmh
                0x00000796       0xca C:\Users\X\Documents\GitHub\winmat\ATMEL\RFID_RF\rfid\ArduinoCore\Debug\libArduinoCore.a(HardwareSerial.o)
                0x00000796                _ZN14HardwareSerial5beginEmh
 .text.__vector_18
                0x00000860       0x64 C:\Users\X\Documents\GitHub\winmat\ATMEL\RFID_RF\rfid\ArduinoCore\Debug\libArduinoCore.a(HardwareSerial0.o)
                0x00000860                __vector_18
 .text.__vector_19
                0x000008c4       0x4c C:\Users\X\Documents\GitHub\winmat\ATMEL\RFID_RF\rfid\ArduinoCore\Debug\libArduinoCore.a(HardwareSerial0.o)
                0x000008c4                __vector_19
 .text._Z17Serial0_availablev
                0x00000910       0x14 C:\Users\X\Documents\GitHub\winmat\ATMEL\RFID_RF\rfid\ArduinoCore\Debug\libArduinoCore.a(HardwareSerial0.o)
                0x00000910                _Z17Serial0_availablev
 .text.startup._GLOBAL__sub_I___vector_18
                0x00000924       0x5a C:\Users\X\Documents\GitHub\winmat\ATMEL\RFID_RF\rfid\ArduinoCore\Debug\libArduinoCore.a(HardwareSerial0.o)
 .text.initVariant
                0x0000097e        0x2 C:\Users\X\Documents\GitHub\winmat\ATMEL\RFID_RF\rfid\ArduinoCore\Debug\libArduinoCore.a(main.o)
                0x0000097e                initVariant
 .text.startup.main
                0x00000980       0x1e C:\Users\X\Documents\GitHub\winmat\ATMEL\RFID_RF\rfid\ArduinoCore\Debug\libArduinoCore.a(main.o)
                0x00000980                main
 .text._ZN5Print5writeEPKhj
                0x0000099e       0x54 C:\Users\X\Documents\GitHub\winmat\ATMEL\RFID_RF\rfid\ArduinoCore\Debug\libArduinoCore.a(Print.o)
                0x0000099e                _ZN5Print5writeEPKhj
 .text._ZN5Print5writeEPKc
                0x000009f2       0x2a C:\Users\X\Documents\GitHub\winmat\ATMEL\RFID_RF\rfid\ArduinoCore\Debug\libArduinoCore.a(Print.o)
                0x000009f2                _ZN5Print5writeEPKc
 .text._ZN5Print5printEPK19__FlashStringHelper
                0x00000a1c       0x48 C:\Users\X\Documents\GitHub\winmat\ATMEL\RFID_RF\rfid\ArduinoCore\Debug\libArduinoCore.a(Print.o)
                0x00000a1c                _ZN5Print5printEPK19__FlashStringHelper
 .text._ZN5Print5printEc
                0x00000a64        0xe C:\Users\X\Documents\GitHub\winmat\ATMEL\RFID_RF\rfid\ArduinoCore\Debug\libArduinoCore.a(Print.o)
                0x00000a64                _ZN5Print5printEc
 .text._ZN5Print7printlnEv
                0x00000a72        0x8 C:\Users\X\Documents\GitHub\winmat\ATMEL\RFID_RF\rfid\ArduinoCore\Debug\libArduinoCore.a(Print.o)
                0x00000a72                _ZN5Print7printlnEv
 .text._ZN5Print7printlnEPK19__FlashStringHelper
                0x00000a7a       0x24 C:\Users\X\Documents\GitHub\winmat\ATMEL\RFID_RF\rfid\ArduinoCore\Debug\libArduinoCore.a(Print.o)
                0x00000a7a                _ZN5Print7printlnEPK19__FlashStringHelper
 .text._ZN5Print7printlnEPKc
                0x00000a9e       0x24 C:\Users\X\Documents\GitHub\winmat\ATMEL\RFID_RF\rfid\ArduinoCore\Debug\libArduinoCore.a(Print.o)
                0x00000a9e                _ZN5Print7printlnEPKc
 .text._ZN5Print11printNumberEmh
                0x00000ac2       0x92 C:\Users\X\Documents\GitHub\winmat\ATMEL\RFID_RF\rfid\ArduinoCore\Debug\libArduinoCore.a(Print.o)
                0x00000ac2                _ZN5Print11printNumberEmh
 .text._ZN5Print5printEli
                0x00000b54       0x90 C:\Users\X\Documents\GitHub\winmat\ATMEL\RFID_RF\rfid\ArduinoCore\Debug\libArduinoCore.a(Print.o)
                0x00000b54                _ZN5Print5printEli
 .text._ZN5Print5printEii
                0x00000be4        0xe C:\Users\X\Documents\GitHub\winmat\ATMEL\RFID_RF\rfid\ArduinoCore\Debug\libArduinoCore.a(Print.o)
                0x00000be4                _ZN5Print5printEii
 .text.__vector_16
                0x00000bf2       0x94 C:\Users\X\Documents\GitHub\winmat\ATMEL\RFID_RF\rfid\ArduinoCore\Debug\libArduinoCore.a(wiring.o)
                0x00000bf2                __vector_16
 .text.micros   0x00000c86       0x4a C:\Users\X\Documents\GitHub\winmat\ATMEL\RFID_RF\rfid\ArduinoCore\Debug\libArduinoCore.a(wiring.o)
                0x00000c86                micros
 .text.delay    0x00000cd0       0x78 C:\Users\X\Documents\GitHub\winmat\ATMEL\RFID_RF\rfid\ArduinoCore\Debug\libArduinoCore.a(wiring.o)
                0x00000cd0                delay
 .text.delayMicroseconds
                0x00000d48       0x16 C:\Users\X\Documents\GitHub\winmat\ATMEL\RFID_RF\rfid\ArduinoCore\Debug\libArduinoCore.a(wiring.o)
                0x00000d48                delayMicroseconds
 .text.init     0x00000d5e       0x76 C:\Users\X\Documents\GitHub\winmat\ATMEL\RFID_RF\rfid\ArduinoCore\Debug\libArduinoCore.a(wiring.o)
                0x00000d5e                init
 .text.turnOffPWM
                0x00000dd4       0x52 C:\Users\X\Documents\GitHub\winmat\ATMEL\RFID_RF\rfid\ArduinoCore\Debug\libArduinoCore.a(wiring_digital.o)
 .text.pinMode  0x00000e26       0x78 C:\Users\X\Documents\GitHub\winmat\ATMEL\RFID_RF\rfid\ArduinoCore\Debug\libArduinoCore.a(wiring_digital.o)
                0x00000e26                pinMode
 .text.digitalWrite
                0x00000e9e       0x5e C:\Users\X\Documents\GitHub\winmat\ATMEL\RFID_RF\rfid\ArduinoCore\Debug\libArduinoCore.a(wiring_digital.o)
                0x00000e9e                digitalWrite
 .text.digitalRead
                0x00000efc       0x52 C:\Users\X\Documents\GitHub\winmat\ATMEL\RFID_RF\rfid\ArduinoCore\Debug\libArduinoCore.a(wiring_digital.o)
                0x00000efc                digitalRead
 .text._ZN8SPIClass8transferEh
                0x00000f4e        0xe C:\Users\X\Documents\GitHub\winmat\ATMEL\RFID_RF\rfid\ArduinoCore\Debug\libArduinoCore.a(RF24.o)
                0x00000f4e                _ZN8SPIClass8transferEh
 .text._ZN4RF243csnEb
                0x00000f5c       0x30 C:\Users\X\Documents\GitHub\winmat\ATMEL\RFID_RF\rfid\ArduinoCore\Debug\libArduinoCore.a(RF24.o)
                0x00000f5c                _ZN4RF243csnEb
 .text._ZN4RF242ceEb
                0x00000f8c       0x18 C:\Users\X\Documents\GitHub\winmat\ATMEL\RFID_RF\rfid\ArduinoCore\Debug\libArduinoCore.a(RF24.o)
                0x00000f8c                _ZN4RF242ceEb
 .text._ZN4RF2416beginTransactionEv
                0x00000fa4        0x6 C:\Users\X\Documents\GitHub\winmat\ATMEL\RFID_RF\rfid\ArduinoCore\Debug\libArduinoCore.a(RF24.o)
                0x00000fa4                _ZN4RF2416beginTransactionEv
 .text._ZN4RF2414endTransactionEv
                0x00000faa        0x6 C:\Users\X\Documents\GitHub\winmat\ATMEL\RFID_RF\rfid\ArduinoCore\Debug\libArduinoCore.a(RF24.o)
                0x00000faa                _ZN4RF2414endTransactionEv
 .text._ZN4RF2413read_registerEh
                0x00000fb0       0x2e C:\Users\X\Documents\GitHub\winmat\ATMEL\RFID_RF\rfid\ArduinoCore\Debug\libArduinoCore.a(RF24.o)
                0x00000fb0                _ZN4RF2413read_registerEh
 .text._ZN4RF2414write_registerEhPKhh
                0x00000fde       0x56 C:\Users\X\Documents\GitHub\winmat\ATMEL\RFID_RF\rfid\ArduinoCore\Debug\libArduinoCore.a(RF24.o)
                0x00000fde                _ZN4RF2414write_registerEhPKhh
 .text._ZN4RF2414write_registerEhh
                0x00001034       0x36 C:\Users\X\Documents\GitHub\winmat\ATMEL\RFID_RF\rfid\ArduinoCore\Debug\libArduinoCore.a(RF24.o)
                0x00001034                _ZN4RF2414write_registerEhh
 .text._ZN4RF2413write_payloadEPKvhh
                0x0000106a       0x82 C:\Users\X\Documents\GitHub\winmat\ATMEL\RFID_RF\rfid\ArduinoCore\Debug\libArduinoCore.a(RF24.o)
                0x0000106a                _ZN4RF2413write_payloadEPKvhh
 .text._ZN4RF2412read_payloadEPvh
                0x000010ec       0x82 C:\Users\X\Documents\GitHub\winmat\ATMEL\RFID_RF\rfid\ArduinoCore\Debug\libArduinoCore.a(RF24.o)
                0x000010ec                _ZN4RF2412read_payloadEPvh
 .text._ZN4RF248spiTransEh
                0x0000116e       0x26 C:\Users\X\Documents\GitHub\winmat\ATMEL\RFID_RF\rfid\ArduinoCore\Debug\libArduinoCore.a(RF24.o)
                0x0000116e                _ZN4RF248spiTransEh
 .text._ZN4RF248flush_rxEv
                0x00001194        0x6 C:\Users\X\Documents\GitHub\winmat\ATMEL\RFID_RF\rfid\ArduinoCore\Debug\libArduinoCore.a(RF24.o)
                0x00001194                _ZN4RF248flush_rxEv
 .text._ZN4RF248flush_txEv
                0x0000119a        0x6 C:\Users\X\Documents\GitHub\winmat\ATMEL\RFID_RF\rfid\ArduinoCore\Debug\libArduinoCore.a(RF24.o)
                0x0000119a                _ZN4RF248flush_txEv
 .text._ZN4RF2410get_statusEv
                0x000011a0        0x6 C:\Users\X\Documents\GitHub\winmat\ATMEL\RFID_RF\rfid\ArduinoCore\Debug\libArduinoCore.a(RF24.o)
                0x000011a0                _ZN4RF2410get_statusEv
 .text._ZN4RF24C2Ejj
                0x000011a6       0x2a C:\Users\X\Documents\GitHub\winmat\ATMEL\RFID_RF\rfid\ArduinoCore\Debug\libArduinoCore.a(RF24.o)
                0x000011a6                _ZN4RF24C1Ejj
                0x000011a6                _ZN4RF24C2Ejj
 .text._ZN4RF2410setChannelEh
                0x000011d0       0x10 C:\Users\X\Documents\GitHub\winmat\ATMEL\RFID_RF\rfid\ArduinoCore\Debug\libArduinoCore.a(RF24.o)
                0x000011d0                _ZN4RF2410setChannelEh
 .text._ZN4RF2413stopListeningEv
                0x000011e0       0x6a C:\Users\X\Documents\GitHub\winmat\ATMEL\RFID_RF\rfid\ArduinoCore\Debug\libArduinoCore.a(RF24.o)
                0x000011e0                _ZN4RF2413stopListeningEv
 .text._ZN4RF247powerUpEv
                0x0000124a       0x32 C:\Users\X\Documents\GitHub\winmat\ATMEL\RFID_RF\rfid\ArduinoCore\Debug\libArduinoCore.a(RF24.o)
                0x0000124a                _ZN4RF247powerUpEv
 .text._ZN4RF2414startFastWriteEPKvhbb
                0x0000127c       0x32 C:\Users\X\Documents\GitHub\winmat\ATMEL\RFID_RF\rfid\ArduinoCore\Debug\libArduinoCore.a(RF24.o)
                0x0000127c                _ZN4RF2414startFastWriteEPKvhbb
 .text._ZN4RF245writeEPKvhb
                0x000012ae       0x42 C:\Users\X\Documents\GitHub\winmat\ATMEL\RFID_RF\rfid\ArduinoCore\Debug\libArduinoCore.a(RF24.o)
                0x000012ae                _ZN4RF245writeEPKvhb
 .text._ZN4RF245writeEPKvh
                0x000012f0        0x6 C:\Users\X\Documents\GitHub\winmat\ATMEL\RFID_RF\rfid\ArduinoCore\Debug\libArduinoCore.a(RF24.o)
                0x000012f0                _ZN4RF245writeEPKvh
 .text._ZN4RF249availableEPh
                0x000012f6       0x3c C:\Users\X\Documents\GitHub\winmat\ATMEL\RFID_RF\rfid\ArduinoCore\Debug\libArduinoCore.a(RF24.o)
                0x000012f6                _ZN4RF249availableEPh
 .text._ZN4RF249availableEv
                0x00001332        0x8 C:\Users\X\Documents\GitHub\winmat\ATMEL\RFID_RF\rfid\ArduinoCore\Debug\libArduinoCore.a(RF24.o)
                0x00001332                _ZN4RF249availableEv
 .text._ZN4RF244readEPvh
                0x0000133a       0x18 C:\Users\X\Documents\GitHub\winmat\ATMEL\RFID_RF\rfid\ArduinoCore\Debug\libArduinoCore.a(RF24.o)
                0x0000133a                _ZN4RF244readEPvh
 .text._ZN4RF2415openWritingPipeEPKh
                0x00001352       0x34 C:\Users\X\Documents\GitHub\winmat\ATMEL\RFID_RF\rfid\ArduinoCore\Debug\libArduinoCore.a(RF24.o)
                0x00001352                _ZN4RF2415openWritingPipeEPKh
 .text._ZN4RF2415openReadingPipeEhPKh
                0x00001386       0xa8 C:\Users\X\Documents\GitHub\winmat\ATMEL\RFID_RF\rfid\ArduinoCore\Debug\libArduinoCore.a(RF24.o)
                0x00001386                _ZN4RF2415openReadingPipeEhPKh
 .text._ZN4RF2416closeReadingPipeEh
                0x0000142e       0x3a C:\Users\X\Documents\GitHub\winmat\ATMEL\RFID_RF\rfid\ArduinoCore\Debug\libArduinoCore.a(RF24.o)
                0x0000142e                _ZN4RF2416closeReadingPipeEh
 .text._ZN4RF2414startListeningEv
                0x00001468       0x6c C:\Users\X\Documents\GitHub\winmat\ATMEL\RFID_RF\rfid\ArduinoCore\Debug\libArduinoCore.a(RF24.o)
                0x00001468                _ZN4RF2414startListeningEv
 .text._ZN4RF2415toggle_featuresEv
                0x000014d4       0x20 C:\Users\X\Documents\GitHub\winmat\ATMEL\RFID_RF\rfid\ArduinoCore\Debug\libArduinoCore.a(RF24.o)
                0x000014d4                _ZN4RF2415toggle_featuresEv
 .text._ZN4RF2410setPALevelEh
                0x000014f4       0x30 C:\Users\X\Documents\GitHub\winmat\ATMEL\RFID_RF\rfid\ArduinoCore\Debug\libArduinoCore.a(RF24.o)
                0x000014f4                _ZN4RF2410setPALevelEh
 .text._ZN4RF2411setDataRateE15rf24_datarate_e
                0x00001524       0x6c C:\Users\X\Documents\GitHub\winmat\ATMEL\RFID_RF\rfid\ArduinoCore\Debug\libArduinoCore.a(RF24.o)
                0x00001524                _ZN4RF2411setDataRateE15rf24_datarate_e
 .text._ZN4RF245beginEv
                0x00001590       0xec C:\Users\X\Documents\GitHub\winmat\ATMEL\RFID_RF\rfid\ArduinoCore\Debug\libArduinoCore.a(RF24.o)
                0x00001590                _ZN4RF245beginEv
 .text._ZN7MFRC52219PICC_ReadCardSerialEv
                0x0000167c       0x20 C:\Users\X\Documents\GitHub\winmat\ATMEL\RFID_RF\rfid\ArduinoCore\Debug\libArduinoCore.a(MFRC522.o)
                0x0000167c                _ZN7MFRC52219PICC_ReadCardSerialEv
 .text._ZN8SPIClass16beginTransactionE11SPISettings
                0x0000169c       0x34 C:\Users\X\Documents\GitHub\winmat\ATMEL\RFID_RF\rfid\ArduinoCore\Debug\libArduinoCore.a(MFRC522.o)
                0x0000169c                _ZN8SPIClass16beginTransactionE11SPISettings
 .text._ZN8SPIClass14endTransactionEv
                0x000016d0       0x22 C:\Users\X\Documents\GitHub\winmat\ATMEL\RFID_RF\rfid\ArduinoCore\Debug\libArduinoCore.a(MFRC522.o)
                0x000016d0                _ZN8SPIClass14endTransactionEv
 .text._ZN7MFRC52216PCD_ReadRegisterENS_12PCD_RegisterEhPhh.part.1.constprop.8
                0x000016f2       0xac C:\Users\X\Documents\GitHub\winmat\ATMEL\RFID_RF\rfid\ArduinoCore\Debug\libArduinoCore.a(MFRC522.o)
 .text._ZN7MFRC52217PCD_WriteRegisterENS_12PCD_RegisterEh
                0x0000179e       0x3e C:\Users\X\Documents\GitHub\winmat\ATMEL\RFID_RF\rfid\ArduinoCore\Debug\libArduinoCore.a(MFRC522.o)
                0x0000179e                _ZN7MFRC52217PCD_WriteRegisterENS_12PCD_RegisterEh
 .text._ZN7MFRC52217PCD_WriteRegisterENS_12PCD_RegisterEhPh
                0x000017dc       0x68 C:\Users\X\Documents\GitHub\winmat\ATMEL\RFID_RF\rfid\ArduinoCore\Debug\libArduinoCore.a(MFRC522.o)
                0x000017dc                _ZN7MFRC52217PCD_WriteRegisterENS_12PCD_RegisterEhPh
 .text._ZN7MFRC52216PCD_ReadRegisterENS_12PCD_RegisterE
                0x00001844       0x40 C:\Users\X\Documents\GitHub\winmat\ATMEL\RFID_RF\rfid\ArduinoCore\Debug\libArduinoCore.a(MFRC522.o)
                0x00001844                _ZN7MFRC52216PCD_ReadRegisterENS_12PCD_RegisterE
 .text._ZN7MFRC52216PCD_ReadRegisterENS_12PCD_RegisterEhPhh
                0x00001884        0xc C:\Users\X\Documents\GitHub\winmat\ATMEL\RFID_RF\rfid\ArduinoCore\Debug\libArduinoCore.a(MFRC522.o)
                0x00001884                _ZN7MFRC52216PCD_ReadRegisterENS_12PCD_RegisterEhPhh
 .text._ZN7MFRC52222PCD_SetRegisterBitMaskENS_12PCD_RegisterEh
                0x00001890       0x26 C:\Users\X\Documents\GitHub\winmat\ATMEL\RFID_RF\rfid\ArduinoCore\Debug\libArduinoCore.a(MFRC522.o)
                0x00001890                _ZN7MFRC52222PCD_SetRegisterBitMaskENS_12PCD_RegisterEh
 .text._ZN7MFRC52224PCD_ClearRegisterBitMaskENS_12PCD_RegisterEh
                0x000018b6       0x28 C:\Users\X\Documents\GitHub\winmat\ATMEL\RFID_RF\rfid\ArduinoCore\Debug\libArduinoCore.a(MFRC522.o)
                0x000018b6                _ZN7MFRC52224PCD_ClearRegisterBitMaskENS_12PCD_RegisterEh
 .text._ZN7MFRC52216PCD_CalculateCRCEPhhS0_
                0x000018de       0x9a C:\Users\X\Documents\GitHub\winmat\ATMEL\RFID_RF\rfid\ArduinoCore\Debug\libArduinoCore.a(MFRC522.o)
                0x000018de                _ZN7MFRC52216PCD_CalculateCRCEPhhS0_
 .text._ZN7MFRC5229PCD_ResetEv
                0x00001978       0x36 C:\Users\X\Documents\GitHub\winmat\ATMEL\RFID_RF\rfid\ArduinoCore\Debug\libArduinoCore.a(MFRC522.o)
                0x00001978                _ZN7MFRC5229PCD_ResetEv
 .text._ZN7MFRC52213PCD_AntennaOnEv
                0x000019ae       0x2a C:\Users\X\Documents\GitHub\winmat\ATMEL\RFID_RF\rfid\ArduinoCore\Debug\libArduinoCore.a(MFRC522.o)
                0x000019ae                _ZN7MFRC52213PCD_AntennaOnEv
 .text._ZN7MFRC5228PCD_InitEv
                0x000019d8       0xb8 C:\Users\X\Documents\GitHub\winmat\ATMEL\RFID_RF\rfid\ArduinoCore\Debug\libArduinoCore.a(MFRC522.o)
                0x000019d8                _ZN7MFRC5228PCD_InitEv
 .text._ZN7MFRC52218PCD_GetAntennaGainEv
                0x00001a90        0xa C:\Users\X\Documents\GitHub\winmat\ATMEL\RFID_RF\rfid\ArduinoCore\Debug\libArduinoCore.a(MFRC522.o)
                0x00001a90                _ZN7MFRC52218PCD_GetAntennaGainEv
 .text._ZN7MFRC52218PCD_SetAntennaGainEh
                0x00001a9a       0x36 C:\Users\X\Documents\GitHub\winmat\ATMEL\RFID_RF\rfid\ArduinoCore\Debug\libArduinoCore.a(MFRC522.o)
                0x00001a9a                _ZN7MFRC52218PCD_SetAntennaGainEh
 .text._ZN7MFRC52223PCD_CommunicateWithPICCEhhPhhS0_S0_S0_hb
                0x00001ad0      0x1a6 C:\Users\X\Documents\GitHub\winmat\ATMEL\RFID_RF\rfid\ArduinoCore\Debug\libArduinoCore.a(MFRC522.o)
                0x00001ad0                _ZN7MFRC52223PCD_CommunicateWithPICCEhhPhhS0_S0_S0_hb
 .text._ZN7MFRC52218PCD_TransceiveDataEPhhS0_S0_S0_hb
                0x00001c76       0x3e C:\Users\X\Documents\GitHub\winmat\ATMEL\RFID_RF\rfid\ArduinoCore\Debug\libArduinoCore.a(MFRC522.o)
                0x00001c76                _ZN7MFRC52218PCD_TransceiveDataEPhhS0_S0_S0_hb
 .text._ZN7MFRC52211PICC_SelectEPNS_3UidEh
                0x00001cb4      0x308 C:\Users\X\Documents\GitHub\winmat\ATMEL\RFID_RF\rfid\ArduinoCore\Debug\libArduinoCore.a(MFRC522.o)
                0x00001cb4                _ZN7MFRC52211PICC_SelectEPNS_3UidEh
 .text._ZN7MFRC52217PICC_REQA_or_WUPAEhPhS0_
                0x00001fbc       0xa0 C:\Users\X\Documents\GitHub\winmat\ATMEL\RFID_RF\rfid\ArduinoCore\Debug\libArduinoCore.a(MFRC522.o)
                0x00001fbc                _ZN7MFRC52217PICC_REQA_or_WUPAEhPhS0_
 .text._ZN7MFRC52213PICC_RequestAEPhS0_
                0x0000205c        0xa C:\Users\X\Documents\GitHub\winmat\ATMEL\RFID_RF\rfid\ArduinoCore\Debug\libArduinoCore.a(MFRC522.o)
                0x0000205c                _ZN7MFRC52213PICC_RequestAEPhS0_
 .text._ZN7MFRC52221PICC_IsNewCardPresentEv
                0x00002066       0x64 C:\Users\X\Documents\GitHub\winmat\ATMEL\RFID_RF\rfid\ArduinoCore\Debug\libArduinoCore.a(MFRC522.o)
                0x00002066                _ZN7MFRC52221PICC_IsNewCardPresentEv
 .text._ZN7MFRC52210PICC_HaltAEv
                0x000020ca       0x86 C:\Users\X\Documents\GitHub\winmat\ATMEL\RFID_RF\rfid\ArduinoCore\Debug\libArduinoCore.a(MFRC522.o)
                0x000020ca                _ZN7MFRC52210PICC_HaltAEv
 .text._ZN7MFRC52216PCD_AuthenticateEhhPNS_10MIFARE_KeyEPNS_3UidE
                0x00002150       0xb6 C:\Users\X\Documents\GitHub\winmat\ATMEL\RFID_RF\rfid\ArduinoCore\Debug\libArduinoCore.a(MFRC522.o)
                0x00002150                _ZN7MFRC52216PCD_AuthenticateEhhPNS_10MIFARE_KeyEPNS_3UidE
 .text._ZN7MFRC52215PCD_StopCrypto1Ev
                0x00002206        0x8 C:\Users\X\Documents\GitHub\winmat\ATMEL\RFID_RF\rfid\ArduinoCore\Debug\libArduinoCore.a(MFRC522.o)
                0x00002206                _ZN7MFRC52215PCD_StopCrypto1Ev
 .text._ZN7MFRC52211MIFARE_ReadEhPhS0_
                0x0000220e       0x72 C:\Users\X\Documents\GitHub\winmat\ATMEL\RFID_RF\rfid\ArduinoCore\Debug\libArduinoCore.a(MFRC522.o)
                0x0000220e                _ZN7MFRC52211MIFARE_ReadEhPhS0_
 .text._ZN7MFRC52217GetStatusCodeNameENS_10StatusCodeE
                0x00002280        0x4 C:\Users\X\Documents\GitHub\winmat\ATMEL\RFID_RF\rfid\ArduinoCore\Debug\libArduinoCore.a(MFRC522.o)
                0x00002280                _ZN7MFRC52217GetStatusCodeNameENS_10StatusCodeE
 .text._ZN12MFRC522Debug17GetStatusCodeNameEN7MFRC52210StatusCodeE
                0x00002284       0x5e C:\Users\X\Documents\GitHub\winmat\ATMEL\RFID_RF\rfid\ArduinoCore\Debug\libArduinoCore.a(MFRC522Debug.o)
                0x00002284                _ZN12MFRC522Debug17GetStatusCodeNameEN7MFRC52210StatusCodeE
 .text._ZN8SPIClass5beginEv
                0x000022e2       0x6c C:\Users\X\Documents\GitHub\winmat\ATMEL\RFID_RF\rfid\ArduinoCore\Debug\libArduinoCore.a(SPI.o)
                0x000022e2                _ZN8SPIClass5beginEv
 .text.__empty  0x0000234e        0x2 C:\Users\X\Documents\GitHub\winmat\ATMEL\RFID_RF\rfid\ArduinoCore\Debug\libArduinoCore.a(hooks.o)
                0x0000234e                yield
 .text.libgcc.div
                0x00002350       0x44 c:/program files (x86)/atmel/studio/7.0/toolchain/avr8/avr8-gnu-toolchain/bin/../lib/gcc/avr/5.4.0/avr5\libgcc.a(_udivmodsi4.o)
                0x00002350                __udivmodsi4
 .text.libgcc   0x00002394        0xc c:/program files (x86)/atmel/studio/7.0/toolchain/avr8/avr8-gnu-toolchain/bin/../lib/gcc/avr/5.4.0/avr5\libgcc.a(_tablejump2.o)
                0x00002394                __tablejump2__
 .text.avr-libc
                0x000023a0       0x12 c:/program files (x86)/atmel/studio/7.0/toolchain/avr8/avr8-gnu-toolchain/bin/../lib/gcc/avr/5.4.0/../../../../avr/lib/avr5\libc.a(memcpy.o)
                0x000023a0                memcpy
 .text.avr-libc
                0x000023b2       0x1e c:/program files (x86)/atmel/studio/7.0/toolchain/avr8/avr8-gnu-toolchain/bin/../lib/gcc/avr/5.4.0/../../../../avr/lib/avr5\libc.a(strncpy.o)
                0x000023b2                strncpy
                0x000023d0                . = ALIGN (0x2)
 *(.fini9)
 .fini9         0x000023d0        0x0 c:/program files (x86)/atmel/studio/7.0/toolchain/avr8/avr8-gnu-toolchain/bin/../lib/gcc/avr/5.4.0/avr5\libgcc.a(_exit.o)
                0x000023d0                _exit
                0x000023d0                exit
 *(.fini9)
 *(.fini8)
 *(.fini8)
 *(.fini7)
 *(.fini7)
 *(.fini6)
 *(.fini6)
 *(.fini5)
 *(.fini5)
 *(.fini4)
 *(.fini4)
 *(.fini3)
 *(.fini3)
 *(.fini2)
 *(.fini2)
 *(.fini1)
 *(.fini1)
 *(.fini0)
 .fini0         0x000023d0        0x4 c:/program files (x86)/atmel/studio/7.0/toolchain/avr8/avr8-gnu-toolchain/bin/../lib/gcc/avr/5.4.0/avr5\libgcc.a(_exit.o)
 *(.fini0)
                0x000023d4                _etext = .

.data           0x00800100       0x98 load address 0x000023d4
                0x00800100                PROVIDE (__data_start, .)
 *(.data)
 *(.data*)
 .data.addresses
                0x00800100       0x12 Sketch.o
                0x00800100                addresses
 *(.gnu.linkonce.d*)
 *(.rodata)
 *(.rodata*)
 .rodata.str1.1
                0x00800112       0x4a Sketch.o
                                 0x52 (size before relaxing)
 .rodata._ZL4pass
                0x0080015c       0x10 Sketch.o
 .rodata._ZTV14HardwareSerial
                0x0080016c       0x12 C:\Users\X\Documents\GitHub\winmat\ATMEL\RFID_RF\rfid\ArduinoCore\Debug\libArduinoCore.a(HardwareSerial.o)
                0x0080016c                _ZTV14HardwareSerial
 .rodata.str1.1
                0x0080017e        0xf C:\Users\X\Documents\GitHub\winmat\ATMEL\RFID_RF\rfid\ArduinoCore\Debug\libArduinoCore.a(Print.o)
 .rodata._ZTV7MFRC522
                0x0080018d        0xa C:\Users\X\Documents\GitHub\winmat\ATMEL\RFID_RF\rfid\ArduinoCore\Debug\libArduinoCore.a(MFRC522.o)
                0x0080018d                _ZTV7MFRC522
 *(.gnu.linkonce.r*)
                0x00800198                . = ALIGN (0x2)
 *fill*         0x00800197        0x1 
                0x00800198                _edata = .
                0x00800198                PROVIDE (__data_end, .)

.bss            0x00800198       0xf9
                0x00800198                PROVIDE (__bss_start, .)
 *(.bss)
 *(.bss*)
 .bss.myData    0x00800198        0x6 Sketch.o
                0x00800198                myData
 .bss.radio     0x0080019e       0x18 Sketch.o
                0x0080019e                radio
 .bss.key       0x008001b6        0x6 Sketch.o
                0x008001b6                key
 .bss.mfrc522   0x008001bc       0x14 Sketch.o
                0x008001bc                mfrc522
 .bss.buffer    0x008001d0       0x12 Sketch.o
                0x008001d0                buffer
 .bss.readCard  0x008001e2        0x4 Sketch.o
                0x008001e2                readCard
 .bss.Serial    0x008001e6       0x9d C:\Users\X\Documents\GitHub\winmat\ATMEL\RFID_RF\rfid\ArduinoCore\Debug\libArduinoCore.a(HardwareSerial0.o)
                0x008001e6                Serial
 .bss.timer0_fract
                0x00800283        0x1 C:\Users\X\Documents\GitHub\winmat\ATMEL\RFID_RF\rfid\ArduinoCore\Debug\libArduinoCore.a(wiring.o)
 .bss.timer0_millis
                0x00800284        0x4 C:\Users\X\Documents\GitHub\winmat\ATMEL\RFID_RF\rfid\ArduinoCore\Debug\libArduinoCore.a(wiring.o)
                0x00800284                timer0_millis
 .bss.timer0_overflow_count
                0x00800288        0x4 C:\Users\X\Documents\GitHub\winmat\ATMEL\RFID_RF\rfid\ArduinoCore\Debug\libArduinoCore.a(wiring.o)
                0x00800288                timer0_overflow_count
 .bss._ZN8SPIClass13interruptSaveE
                0x0080028c        0x1 C:\Users\X\Documents\GitHub\winmat\ATMEL\RFID_RF\rfid\ArduinoCore\Debug\libArduinoCore.a(SPI.o)
                0x0080028c                _ZN8SPIClass13interruptSaveE
 .bss._ZN8SPIClass13interruptMaskE
                0x0080028d        0x1 C:\Users\X\Documents\GitHub\winmat\ATMEL\RFID_RF\rfid\ArduinoCore\Debug\libArduinoCore.a(SPI.o)
                0x0080028d                _ZN8SPIClass13interruptMaskE
 .bss._ZN8SPIClass13interruptModeE
                0x0080028e        0x1 C:\Users\X\Documents\GitHub\winmat\ATMEL\RFID_RF\rfid\ArduinoCore\Debug\libArduinoCore.a(SPI.o)
                0x0080028e                _ZN8SPIClass13interruptModeE
 .bss._ZN8SPIClass11initializedE
                0x0080028f        0x1 C:\Users\X\Documents\GitHub\winmat\ATMEL\RFID_RF\rfid\ArduinoCore\Debug\libArduinoCore.a(SPI.o)
                0x0080028f                _ZN8SPIClass11initializedE
 .bss.SPI       0x00800290        0x1 C:\Users\X\Documents\GitHub\winmat\ATMEL\RFID_RF\rfid\ArduinoCore\Debug\libArduinoCore.a(SPI.o)
                0x00800290                SPI
 *(COMMON)
                0x00800291                PROVIDE (__bss_end, .)
                0x000023d4                __data_load_start = LOADADDR (.data)
                0x0000246c                __data_load_end = (__data_load_start + SIZEOF (.data))

.noinit         0x00800291        0x0
                [!provide]                PROVIDE (__noinit_start, .)
 *(.noinit*)
                [!provide]                PROVIDE (__noinit_end, .)
                0x00800291                _end = .
                [!provide]                PROVIDE (__heap_start, .)

.eeprom         0x00810000        0x0
 *(.eeprom*)
                0x00810000                __eeprom_end = .

.fuse
 *(.fuse)
 *(.lfuse)
 *(.hfuse)
 *(.efuse)

.lock
 *(.lock*)

.signature
 *(.signature*)

.user_signatures
 *(.user_signatures*)

.stab
 *(.stab)

.stabstr
 *(.stabstr)

.stab.excl
 *(.stab.excl)

.stab.exclstr
 *(.stab.exclstr)

.stab.index
 *(.stab.index)

.stab.indexstr
 *(.stab.indexstr)

.comment        0x00000000       0x30
 *(.comment)
 .comment       0x00000000       0x30 Sketch.o
                                 0x31 (size before relaxing)
 .comment       0x00000030       0x31 C:\Users\X\Documents\GitHub\winmat\ATMEL\RFID_RF\rfid\ArduinoCore\Debug\libArduinoCore.a(HardwareSerial.o)
 .comment       0x00000030       0x31 C:\Users\X\Documents\GitHub\winmat\ATMEL\RFID_RF\rfid\ArduinoCore\Debug\libArduinoCore.a(HardwareSerial0.o)
 .comment       0x00000030       0x31 C:\Users\X\Documents\GitHub\winmat\ATMEL\RFID_RF\rfid\ArduinoCore\Debug\libArduinoCore.a(main.o)
 .comment       0x00000030       0x31 C:\Users\X\Documents\GitHub\winmat\ATMEL\RFID_RF\rfid\ArduinoCore\Debug\libArduinoCore.a(Print.o)
 .comment       0x00000030       0x31 C:\Users\X\Documents\GitHub\winmat\ATMEL\RFID_RF\rfid\ArduinoCore\Debug\libArduinoCore.a(wiring.o)
 .comment       0x00000030       0x31 C:\Users\X\Documents\GitHub\winmat\ATMEL\RFID_RF\rfid\ArduinoCore\Debug\libArduinoCore.a(wiring_digital.o)
 .comment       0x00000030       0x31 C:\Users\X\Documents\GitHub\winmat\ATMEL\RFID_RF\rfid\ArduinoCore\Debug\libArduinoCore.a(RF24.o)
 .comment       0x00000030       0x31 C:\Users\X\Documents\GitHub\winmat\ATMEL\RFID_RF\rfid\ArduinoCore\Debug\libArduinoCore.a(MFRC522.o)
 .comment       0x00000030       0x31 C:\Users\X\Documents\GitHub\winmat\ATMEL\RFID_RF\rfid\ArduinoCore\Debug\libArduinoCore.a(MFRC522Debug.o)
 .comment       0x00000030       0x31 C:\Users\X\Documents\GitHub\winmat\ATMEL\RFID_RF\rfid\ArduinoCore\Debug\libArduinoCore.a(SPI.o)
 .comment       0x00000030       0x31 C:\Users\X\Documents\GitHub\winmat\ATMEL\RFID_RF\rfid\ArduinoCore\Debug\libArduinoCore.a(hooks.o)

.note.gnu.avr.deviceinfo
                0x00000000       0x40
 .note.gnu.avr.deviceinfo
                0x00000000       0x40 C:/Program Files (x86)/Atmel/Studio/7.0/Packs/atmel/ATmega_DFP/1.2.150/gcc/dev/atmega328p/avr5/crtatmega328p.o

.note.gnu.build-id
 *(.note.gnu.build-id)

.debug
 *(.debug)

.line
 *(.line)

.debug_srcinfo
 *(.debug_srcinfo)

.debug_sfnames
 *(.debug_sfnames)

.debug_aranges  0x00000000      0x790
 *(.debug_aranges)
 .debug_aranges
                0x00000000       0x80 Sketch.o
 .debug_aranges
                0x00000080       0x68 C:\Users\X\Documents\GitHub\winmat\ATMEL\RFID_RF\rfid\ArduinoCore\Debug\libArduinoCore.a(HardwareSerial.o)
 .debug_aranges
                0x000000e8       0x48 C:\Users\X\Documents\GitHub\winmat\ATMEL\RFID_RF\rfid\ArduinoCore\Debug\libArduinoCore.a(HardwareSerial0.o)
 .debug_aranges
                0x00000130       0x30 C:\Users\X\Documents\GitHub\winmat\ATMEL\RFID_RF\rfid\ArduinoCore\Debug\libArduinoCore.a(main.o)
 .debug_aranges
                0x00000160      0x100 C:\Users\X\Documents\GitHub\winmat\ATMEL\RFID_RF\rfid\ArduinoCore\Debug\libArduinoCore.a(Print.o)
 .debug_aranges
                0x00000260       0x48 C:\Users\X\Documents\GitHub\winmat\ATMEL\RFID_RF\rfid\ArduinoCore\Debug\libArduinoCore.a(wiring.o)
 .debug_aranges
                0x000002a8       0x38 C:\Users\X\Documents\GitHub\winmat\ATMEL\RFID_RF\rfid\ArduinoCore\Debug\libArduinoCore.a(wiring_digital.o)
 .debug_aranges
                0x000002e0      0x260 C:\Users\X\Documents\GitHub\winmat\ATMEL\RFID_RF\rfid\ArduinoCore\Debug\libArduinoCore.a(RF24.o)
 .debug_aranges
                0x00000540      0x1d0 C:\Users\X\Documents\GitHub\winmat\ATMEL\RFID_RF\rfid\ArduinoCore\Debug\libArduinoCore.a(MFRC522.o)
 .debug_aranges
                0x00000710       0x28 C:\Users\X\Documents\GitHub\winmat\ATMEL\RFID_RF\rfid\ArduinoCore\Debug\libArduinoCore.a(MFRC522Debug.o)
 .debug_aranges
                0x00000738       0x38 C:\Users\X\Documents\GitHub\winmat\ATMEL\RFID_RF\rfid\ArduinoCore\Debug\libArduinoCore.a(SPI.o)
 .debug_aranges
                0x00000770       0x20 C:\Users\X\Documents\GitHub\winmat\ATMEL\RFID_RF\rfid\ArduinoCore\Debug\libArduinoCore.a(hooks.o)

.debug_pubnames
 *(.debug_pubnames)

.debug_info     0x00000000    0x132c2
 *(.debug_info .gnu.linkonce.wi.*)
 .debug_info    0x00000000      0x5f4 C:/Program Files (x86)/Atmel/Studio/7.0/Packs/atmel/ATmega_DFP/1.2.150/gcc/dev/atmega328p/avr5/crtatmega328p.o
 .debug_info    0x000005f4     0x2216 Sketch.o
 .debug_info    0x0000280a     0x1e89 C:\Users\X\Documents\GitHub\winmat\ATMEL\RFID_RF\rfid\ArduinoCore\Debug\libArduinoCore.a(HardwareSerial.o)
 .debug_info    0x00004693     0x1b16 C:\Users\X\Documents\GitHub\winmat\ATMEL\RFID_RF\rfid\ArduinoCore\Debug\libArduinoCore.a(HardwareSerial0.o)
 .debug_info    0x000061a9      0x237 C:\Users\X\Documents\GitHub\winmat\ATMEL\RFID_RF\rfid\ArduinoCore\Debug\libArduinoCore.a(main.o)
 .debug_info    0x000063e0     0x28ff C:\Users\X\Documents\GitHub\winmat\ATMEL\RFID_RF\rfid\ArduinoCore\Debug\libArduinoCore.a(Print.o)
 .debug_info    0x00008cdf      0x2cb C:\Users\X\Documents\GitHub\winmat\ATMEL\RFID_RF\rfid\ArduinoCore\Debug\libArduinoCore.a(wiring.o)
 .debug_info    0x00008faa      0x5fe C:\Users\X\Documents\GitHub\winmat\ATMEL\RFID_RF\rfid\ArduinoCore\Debug\libArduinoCore.a(wiring_digital.o)
 .debug_info    0x000095a8     0x43b1 C:\Users\X\Documents\GitHub\winmat\ATMEL\RFID_RF\rfid\ArduinoCore\Debug\libArduinoCore.a(RF24.o)
 .debug_info    0x0000d959     0x4824 C:\Users\X\Documents\GitHub\winmat\ATMEL\RFID_RF\rfid\ArduinoCore\Debug\libArduinoCore.a(MFRC522.o)
 .debug_info    0x0001217d      0xa9c C:\Users\X\Documents\GitHub\winmat\ATMEL\RFID_RF\rfid\ArduinoCore\Debug\libArduinoCore.a(MFRC522Debug.o)
 .debug_info    0x00012c19      0x66b C:\Users\X\Documents\GitHub\winmat\ATMEL\RFID_RF\rfid\ArduinoCore\Debug\libArduinoCore.a(SPI.o)
 .debug_info    0x00013284       0x3e C:\Users\X\Documents\GitHub\winmat\ATMEL\RFID_RF\rfid\ArduinoCore\Debug\libArduinoCore.a(hooks.o)

.debug_abbrev   0x00000000     0x2c2a
 *(.debug_abbrev)
 .debug_abbrev  0x00000000      0x5a2 C:/Program Files (x86)/Atmel/Studio/7.0/Packs/atmel/ATmega_DFP/1.2.150/gcc/dev/atmega328p/avr5/crtatmega328p.o
 .debug_abbrev  0x000005a2      0x5c9 Sketch.o
 .debug_abbrev  0x00000b6b      0x432 C:\Users\X\Documents\GitHub\winmat\ATMEL\RFID_RF\rfid\ArduinoCore\Debug\libArduinoCore.a(HardwareSerial.o)
 .debug_abbrev  0x00000f9d      0x3ce C:\Users\X\Documents\GitHub\winmat\ATMEL\RFID_RF\rfid\ArduinoCore\Debug\libArduinoCore.a(HardwareSerial0.o)
 .debug_abbrev  0x0000136b      0x12d C:\Users\X\Documents\GitHub\winmat\ATMEL\RFID_RF\rfid\ArduinoCore\Debug\libArduinoCore.a(main.o)
 .debug_abbrev  0x00001498      0x47a C:\Users\X\Documents\GitHub\winmat\ATMEL\RFID_RF\rfid\ArduinoCore\Debug\libArduinoCore.a(Print.o)
 .debug_abbrev  0x00001912      0x146 C:\Users\X\Documents\GitHub\winmat\ATMEL\RFID_RF\rfid\ArduinoCore\Debug\libArduinoCore.a(wiring.o)
 .debug_abbrev  0x00001a58      0x15b C:\Users\X\Documents\GitHub\winmat\ATMEL\RFID_RF\rfid\ArduinoCore\Debug\libArduinoCore.a(wiring_digital.o)
 .debug_abbrev  0x00001bb3      0x528 C:\Users\X\Documents\GitHub\winmat\ATMEL\RFID_RF\rfid\ArduinoCore\Debug\libArduinoCore.a(RF24.o)
 .debug_abbrev  0x000020db      0x63f C:\Users\X\Documents\GitHub\winmat\ATMEL\RFID_RF\rfid\ArduinoCore\Debug\libArduinoCore.a(MFRC522.o)
 .debug_abbrev  0x0000271a      0x263 C:\Users\X\Documents\GitHub\winmat\ATMEL\RFID_RF\rfid\ArduinoCore\Debug\libArduinoCore.a(MFRC522Debug.o)
 .debug_abbrev  0x0000297d      0x283 C:\Users\X\Documents\GitHub\winmat\ATMEL\RFID_RF\rfid\ArduinoCore\Debug\libArduinoCore.a(SPI.o)
 .debug_abbrev  0x00002c00       0x2a C:\Users\X\Documents\GitHub\winmat\ATMEL\RFID_RF\rfid\ArduinoCore\Debug\libArduinoCore.a(hooks.o)

.debug_line     0x00000000     0x473e
 *(.debug_line .debug_line.* .debug_line_end)
 .debug_line    0x00000000      0x133 C:/Program Files (x86)/Atmel/Studio/7.0/Packs/atmel/ATmega_DFP/1.2.150/gcc/dev/atmega328p/avr5/crtatmega328p.o
 .debug_line    0x00000133      0x59c Sketch.o
 .debug_line    0x000006cf      0x43b C:\Users\X\Documents\GitHub\winmat\ATMEL\RFID_RF\rfid\ArduinoCore\Debug\libArduinoCore.a(HardwareSerial.o)
 .debug_line    0x00000b0a      0x2a1 C:\Users\X\Documents\GitHub\winmat\ATMEL\RFID_RF\rfid\ArduinoCore\Debug\libArduinoCore.a(HardwareSerial0.o)
 .debug_line    0x00000dab      0x17a C:\Users\X\Documents\GitHub\winmat\ATMEL\RFID_RF\rfid\ArduinoCore\Debug\libArduinoCore.a(main.o)
 .debug_line    0x00000f25      0x69a C:\Users\X\Documents\GitHub\winmat\ATMEL\RFID_RF\rfid\ArduinoCore\Debug\libArduinoCore.a(Print.o)
 .debug_line    0x000015bf      0x2ae C:\Users\X\Documents\GitHub\winmat\ATMEL\RFID_RF\rfid\ArduinoCore\Debug\libArduinoCore.a(wiring.o)
 .debug_line    0x0000186d      0x267 C:\Users\X\Documents\GitHub\winmat\ATMEL\RFID_RF\rfid\ArduinoCore\Debug\libArduinoCore.a(wiring_digital.o)
 .debug_line    0x00001ad4     0x118e C:\Users\X\Documents\GitHub\winmat\ATMEL\RFID_RF\rfid\ArduinoCore\Debug\libArduinoCore.a(RF24.o)
 .debug_line    0x00002c62     0x14ef C:\Users\X\Documents\GitHub\winmat\ATMEL\RFID_RF\rfid\ArduinoCore\Debug\libArduinoCore.a(MFRC522.o)
 .debug_line    0x00004151      0x2b4 C:\Users\X\Documents\GitHub\winmat\ATMEL\RFID_RF\rfid\ArduinoCore\Debug\libArduinoCore.a(MFRC522Debug.o)
 .debug_line    0x00004405      0x2f8 C:\Users\X\Documents\GitHub\winmat\ATMEL\RFID_RF\rfid\ArduinoCore\Debug\libArduinoCore.a(SPI.o)
 .debug_line    0x000046fd       0x41 C:\Users\X\Documents\GitHub\winmat\ATMEL\RFID_RF\rfid\ArduinoCore\Debug\libArduinoCore.a(hooks.o)

.debug_frame    0x00000000     0x1ca8
 *(.debug_frame)
 .debug_frame   0x00000000      0x130 Sketch.o
 .debug_frame   0x00000130      0x110 C:\Users\X\Documents\GitHub\winmat\ATMEL\RFID_RF\rfid\ArduinoCore\Debug\libArduinoCore.a(HardwareSerial.o)
 .debug_frame   0x00000240       0xe0 C:\Users\X\Documents\GitHub\winmat\ATMEL\RFID_RF\rfid\ArduinoCore\Debug\libArduinoCore.a(HardwareSerial0.o)
 .debug_frame   0x00000320       0x54 C:\Users\X\Documents\GitHub\winmat\ATMEL\RFID_RF\rfid\ArduinoCore\Debug\libArduinoCore.a(main.o)
 .debug_frame   0x00000374      0x3ac C:\Users\X\Documents\GitHub\winmat\ATMEL\RFID_RF\rfid\ArduinoCore\Debug\libArduinoCore.a(Print.o)
 .debug_frame   0x00000720       0xc4 C:\Users\X\Documents\GitHub\winmat\ATMEL\RFID_RF\rfid\ArduinoCore\Debug\libArduinoCore.a(wiring.o)
 .debug_frame   0x000007e4       0x7c C:\Users\X\Documents\GitHub\winmat\ATMEL\RFID_RF\rfid\ArduinoCore\Debug\libArduinoCore.a(wiring_digital.o)
 .debug_frame   0x00000860      0x9e0 C:\Users\X\Documents\GitHub\winmat\ATMEL\RFID_RF\rfid\ArduinoCore\Debug\libArduinoCore.a(RF24.o)
 .debug_frame   0x00001240      0x9b4 C:\Users\X\Documents\GitHub\winmat\ATMEL\RFID_RF\rfid\ArduinoCore\Debug\libArduinoCore.a(MFRC522.o)
 .debug_frame   0x00001bf4       0x34 C:\Users\X\Documents\GitHub\winmat\ATMEL\RFID_RF\rfid\ArduinoCore\Debug\libArduinoCore.a(MFRC522Debug.o)
 .debug_frame   0x00001c28       0x5c C:\Users\X\Documents\GitHub\winmat\ATMEL\RFID_RF\rfid\ArduinoCore\Debug\libArduinoCore.a(SPI.o)
 .debug_frame   0x00001c84       0x24 C:\Users\X\Documents\GitHub\winmat\ATMEL\RFID_RF\rfid\ArduinoCore\Debug\libArduinoCore.a(hooks.o)

.debug_str      0x00000000     0x48c5
 *(.debug_str)
 .debug_str     0x00000000      0x208 C:/Program Files (x86)/Atmel/Studio/7.0/Packs/atmel/ATmega_DFP/1.2.150/gcc/dev/atmega328p/avr5/crtatmega328p.o
 .debug_str     0x00000208     0x198c Sketch.o
                               0x1ad9 (size before relaxing)
 .debug_str     0x00001b94     0x12dd C:\Users\X\Documents\GitHub\winmat\ATMEL\RFID_RF\rfid\ArduinoCore\Debug\libArduinoCore.a(HardwareSerial.o)
                               0x15df (size before relaxing)
 .debug_str     0x00002e71       0x86 C:\Users\X\Documents\GitHub\winmat\ATMEL\RFID_RF\rfid\ArduinoCore\Debug\libArduinoCore.a(HardwareSerial0.o)
                               0x13fb (size before relaxing)
 .debug_str     0x00002ef7       0x37 C:\Users\X\Documents\GitHub\winmat\ATMEL\RFID_RF\rfid\ArduinoCore\Debug\libArduinoCore.a(main.o)
                                0x2a7 (size before relaxing)
 .debug_str     0x00002f2e      0x363 C:\Users\X\Documents\GitHub\winmat\ATMEL\RFID_RF\rfid\ArduinoCore\Debug\libArduinoCore.a(Print.o)
                               0x1235 (size before relaxing)
 .debug_str     0x00003291      0x14c C:\Users\X\Documents\GitHub\winmat\ATMEL\RFID_RF\rfid\ArduinoCore\Debug\libArduinoCore.a(wiring.o)
                                0x23d (size before relaxing)
 .debug_str     0x000033dd       0xc7 C:\Users\X\Documents\GitHub\winmat\ATMEL\RFID_RF\rfid\ArduinoCore\Debug\libArduinoCore.a(wiring_digital.o)
                                0x2a2 (size before relaxing)
 .debug_str     0x000034a4      0x268 C:\Users\X\Documents\GitHub\winmat\ATMEL\RFID_RF\rfid\ArduinoCore\Debug\libArduinoCore.a(RF24.o)
                               0x14f7 (size before relaxing)
 .debug_str     0x0000370c     0x10d0 C:\Users\X\Documents\GitHub\winmat\ATMEL\RFID_RF\rfid\ArduinoCore\Debug\libArduinoCore.a(MFRC522.o)
                               0x1d15 (size before relaxing)
 .debug_str     0x000047dc       0x2e C:\Users\X\Documents\GitHub\winmat\ATMEL\RFID_RF\rfid\ArduinoCore\Debug\libArduinoCore.a(MFRC522Debug.o)
                                0x8a8 (size before relaxing)
 .debug_str     0x0000480a       0x9f C:\Users\X\Documents\GitHub\winmat\ATMEL\RFID_RF\rfid\ArduinoCore\Debug\libArduinoCore.a(SPI.o)
                                0x6a0 (size before relaxing)
 .debug_str     0x000048a9       0x1c C:\Users\X\Documents\GitHub\winmat\ATMEL\RFID_RF\rfid\ArduinoCore\Debug\libArduinoCore.a(hooks.o)
                                0x132 (size before relaxing)

.debug_loc      0x00000000     0xb0f9
 *(.debug_loc)
 .debug_loc     0x00000000      0x2c2 Sketch.o
 .debug_loc     0x000002c2      0x482 C:\Users\X\Documents\GitHub\winmat\ATMEL\RFID_RF\rfid\ArduinoCore\Debug\libArduinoCore.a(HardwareSerial.o)
 .debug_loc     0x00000744      0x1b0 C:\Users\X\Documents\GitHub\winmat\ATMEL\RFID_RF\rfid\ArduinoCore\Debug\libArduinoCore.a(HardwareSerial0.o)
 .debug_loc     0x000008f4     0x1c87 C:\Users\X\Documents\GitHub\winmat\ATMEL\RFID_RF\rfid\ArduinoCore\Debug\libArduinoCore.a(Print.o)
 .debug_loc     0x0000257b      0x28d C:\Users\X\Documents\GitHub\winmat\ATMEL\RFID_RF\rfid\ArduinoCore\Debug\libArduinoCore.a(wiring.o)
 .debug_loc     0x00002808      0x5fc C:\Users\X\Documents\GitHub\winmat\ATMEL\RFID_RF\rfid\ArduinoCore\Debug\libArduinoCore.a(wiring_digital.o)
 .debug_loc     0x00002e04     0x39c3 C:\Users\X\Documents\GitHub\winmat\ATMEL\RFID_RF\rfid\ArduinoCore\Debug\libArduinoCore.a(RF24.o)
 .debug_loc     0x000067c7     0x4531 C:\Users\X\Documents\GitHub\winmat\ATMEL\RFID_RF\rfid\ArduinoCore\Debug\libArduinoCore.a(MFRC522.o)
 .debug_loc     0x0000acf8      0x21d C:\Users\X\Documents\GitHub\winmat\ATMEL\RFID_RF\rfid\ArduinoCore\Debug\libArduinoCore.a(MFRC522Debug.o)
 .debug_loc     0x0000af15      0x1e4 C:\Users\X\Documents\GitHub\winmat\ATMEL\RFID_RF\rfid\ArduinoCore\Debug\libArduinoCore.a(SPI.o)

.debug_macinfo
 *(.debug_macinfo)

.debug_weaknames
 *(.debug_weaknames)

.debug_funcnames
 *(.debug_funcnames)

.debug_typenames
 *(.debug_typenames)

.debug_varnames
 *(.debug_varnames)

.debug_pubtypes
 *(.debug_pubtypes)

.debug_ranges   0x00000000      0x7f8
 *(.debug_ranges)
 .debug_ranges  0x00000000       0x88 Sketch.o
 .debug_ranges  0x00000088       0x58 C:\Users\X\Documents\GitHub\winmat\ATMEL\RFID_RF\rfid\ArduinoCore\Debug\libArduinoCore.a(HardwareSerial.o)
 .debug_ranges  0x000000e0       0x38 C:\Users\X\Documents\GitHub\winmat\ATMEL\RFID_RF\rfid\ArduinoCore\Debug\libArduinoCore.a(HardwareSerial0.o)
 .debug_ranges  0x00000118       0x20 C:\Users\X\Documents\GitHub\winmat\ATMEL\RFID_RF\rfid\ArduinoCore\Debug\libArduinoCore.a(main.o)
 .debug_ranges  0x00000138      0x120 C:\Users\X\Documents\GitHub\winmat\ATMEL\RFID_RF\rfid\ArduinoCore\Debug\libArduinoCore.a(Print.o)
 .debug_ranges  0x00000258       0x38 C:\Users\X\Documents\GitHub\winmat\ATMEL\RFID_RF\rfid\ArduinoCore\Debug\libArduinoCore.a(wiring.o)
 .debug_ranges  0x00000290       0x28 C:\Users\X\Documents\GitHub\winmat\ATMEL\RFID_RF\rfid\ArduinoCore\Debug\libArduinoCore.a(wiring_digital.o)
 .debug_ranges  0x000002b8      0x280 C:\Users\X\Documents\GitHub\winmat\ATMEL\RFID_RF\rfid\ArduinoCore\Debug\libArduinoCore.a(RF24.o)
 .debug_ranges  0x00000538      0x270 C:\Users\X\Documents\GitHub\winmat\ATMEL\RFID_RF\rfid\ArduinoCore\Debug\libArduinoCore.a(MFRC522.o)
 .debug_ranges  0x000007a8       0x18 C:\Users\X\Documents\GitHub\winmat\ATMEL\RFID_RF\rfid\ArduinoCore\Debug\libArduinoCore.a(MFRC522Debug.o)
 .debug_ranges  0x000007c0       0x28 C:\Users\X\Documents\GitHub\winmat\ATMEL\RFID_RF\rfid\ArduinoCore\Debug\libArduinoCore.a(SPI.o)
 .debug_ranges  0x000007e8       0x10 C:\Users\X\Documents\GitHub\winmat\ATMEL\RFID_RF\rfid\ArduinoCore\Debug\libArduinoCore.a(hooks.o)

.debug_macro
 *(.debug_macro)
OUTPUT(RFID_RF.elf elf32-avr)
LOAD linker stubs
